urls_downloaded_cb({"token":"Gst.Object.prototype.ref","urls":[{"url":"gstreamer/gstbin.html#gst_bin_remove","node_type":"p","context":{"gi-language":["javascript"]}},{"url":"gstreamer/gstbus.html#gst_bus_disable_sync_message_emission","node_type":"p","context":{"gi-language":["javascript"]}},{"url":"gstreamer/gstobject.html#gst_object_ref","node_type":"symbol","context":{"gi-language":["javascript"]}}]});